---
source: example/src/repetitions.rs
expression: "grammar2::parse(\"1 2\")"
---
Ok(
    NumberList {
        numbers: Spanned {
            value: [
                Spanned {
                    value: Number {
                        v: 1,
                    },
                    span: (
                        0,
                        1,
                    ),
                },
                Spanned {
                    value: Number {
                        v: 2,
                    },
                    span: (
                        2,
                        3,
                    ),
                },
            ],
            span: (
                0,
                3,
            ),
        },
    },
)
