---
source: tool/src/lib.rs
expression: grammar
---
{"name":"test","word":null,"rules":{"source_file":{"type":"CHOICE","members":[{"type":"SYMBOL","name":"Expression_Number"},{"type":"SYMBOL","name":"Expression_Neg"}]},"Expression_Number_0":{"type":"PATTERN","value":"\\d+"},"Expression_Number":{"type":"SEQ","members":[{"type":"FIELD","name":"0","content":{"type":"SYMBOL","name":"Expression_Number_0"}}]},"Expression_Neg_0":{"type":"STRING","value":"-"},"Expression_Neg":{"type":"SEQ","members":[{"type":"FIELD","name":"0","content":{"type":"SYMBOL","name":"Expression_Neg_0"}},{"type":"FIELD","name":"1","content":{"type":"SYMBOL","name":"Expression"}}]},"Expression":{"type":"CHOICE","members":[{"type":"SYMBOL","name":"Expression_Number"},{"type":"SYMBOL","name":"Expression_Neg"}]}},"extras":[]}
