---
source: macro/src/lib.rs
expression: "rustfmt_code(&expand_grammar(parse_quote! {\n                            #[rust_sitter :: grammar(\"test\")] mod grammar\n                            {\n                                #[rust_sitter :: language] pub enum Expr\n                                {\n                                    Number(#[rust_sitter ::\n                                    leaf(pattern = r\"\\d+\", transform = | v |\n                                    v.parse().unwrap())] u32), Neg\n                                    {\n                                        #[rust_sitter :: leaf(text = \"!\")] _bang : (), value : Box <\n                                        Expr >,\n                                    }\n                                }\n                            }\n                        }).to_token_stream().to_string())"
---
mod grammar {
    pub enum Expr {
        Number(u32),
        Neg { _bang: (), value: Box<Expr> },
    }
    impl rust_sitter::Extract for Expr {
        #[allow(non_snake_case)]
        fn extract(
            node: Option<rust_sitter::Node>,
            source: &[u8],
            _vec_field_name: Option<&str>,
        ) -> Self {
            let node = node.unwrap();
            #[allow(non_snake_case)]
            #[allow(clippy::unused_unit)]
            fn extract_Expr_Number_0(node: Option<rust_sitter::Node>, source: &[u8]) -> u32 {
                fn make_transform() -> impl Fn(&str) -> u32 {
                    |v| v.parse().unwrap()
                }
                make_transform()(node.and_then(|n| n.utf8_text(source).ok()).unwrap())
            }
            #[allow(non_snake_case)]
            fn extract_Expr_Number(node: rust_sitter::Node, source: &[u8]) -> Expr {
                Expr::Number(extract_Expr_Number_0(node.child_by_field_name("0"), source))
            }
            #[allow(non_snake_case)]
            #[allow(clippy::unused_unit)]
            fn extract_Expr_Neg__bang(node: Option<rust_sitter::Node>, source: &[u8]) -> () {
                rust_sitter::Extract::extract(node, source, Some("Expr_Neg__bang_vec_element"))
            }
            #[allow(non_snake_case)]
            #[allow(clippy::unused_unit)]
            fn extract_Expr_Neg_value(node: Option<rust_sitter::Node>, source: &[u8]) -> Box<Expr> {
                rust_sitter::Extract::extract(node, source, Some("Expr_Neg_value_vec_element"))
            }
            #[allow(non_snake_case)]
            fn extract_Expr_Neg(node: rust_sitter::Node, source: &[u8]) -> Expr {
                Expr::Neg {
                    _bang: extract_Expr_Neg__bang(node.child_by_field_name("_bang"), source),
                    value: extract_Expr_Neg_value(node.child_by_field_name("value"), source),
                }
            }
            match node.child(0).unwrap().kind() {
                "Expr_Number" => extract_Expr_Number(node.child(0).unwrap(), source),
                "Expr_Neg" => extract_Expr_Neg(node.child(0).unwrap(), source),
                _ => panic!(),
            }
        }
    }
    extern "C" {
        fn tree_sitter_test() -> rust_sitter::Language;
    }
    fn language() -> rust_sitter::Language {
        unsafe { tree_sitter_test() }
    }
    pub fn parse(input: &str) -> core::result::Result<Expr, Vec<rust_sitter::errors::ParseError>> {
        let mut parser = rust_sitter::Parser::new();
        parser.set_language(language()).unwrap();
        let tree = parser.parse(input, None).unwrap();
        let root_node = tree.root_node();
        if root_node.has_error() {
            let mut errors = vec![];
            rust_sitter::errors::collect_parsing_errors(&root_node, &mut errors);
            Err(errors)
        } else {
            use rust_sitter::Extract;
            Ok(rust_sitter::Extract::extract(
                Some(root_node),
                input.as_bytes(),
                None,
            ))
        }
    }
}

