---
source: macro/src/lib.rs
expression: "rustfmt_code(&expand_grammar(parse_quote!\n{\n    #[rust_sitter::grammar(\"test\")] mod grammar\n    {\n        use rust_sitter::Spanned; #[rust_sitter::language] pub struct\n        NumberList { numbers: Vec<Spanned<Number>>, } pub struct Number\n        {\n            #[rust_sitter::leaf(pattern = r\"\\d+\", transform = |v|\n            v.parse().unwrap())] v: i32\n        } #[rust_sitter::extra] struct Whitespace\n        { #[rust_sitter::leaf(pattern = r\"\\s\")] _whitespace: (), }\n    }\n})? .to_token_stream().to_string())"
---
mod grammar {
    use rust_sitter::Spanned;
    pub struct NumberList {
        numbers: Vec<Spanned<Number>>,
    }
    impl ::rust_sitter::Extract<NumberList, AstArena> for NumberList {
        type LeafFn = ();
        #[allow(non_snake_case)]
        fn extract(
            arena: &mut AstArena,
            node: Option<::rust_sitter::tree_sitter::Node>,
            source: &[u8],
            last_idx: usize,
            _leaf_fn: Option<&Self::LeafFn>,
        ) -> Self {
            let node = node.unwrap();
            ::rust_sitter::__private::extract_struct_or_variant(node, move |cursor, last_idx| {
                NumberList {
                    numbers: {
                        ::rust_sitter::__private::extract_field::<Vec<Spanned<Number>>, _, _>(
                            arena, cursor, source, last_idx, "numbers", None,
                        )
                    },
                }
            })
        }
    }
    pub struct Number {
        v: i32,
    }
    impl ::rust_sitter::Extract<Number, AstArena> for Number {
        type LeafFn = ();
        #[allow(non_snake_case)]
        fn extract(
            arena: &mut AstArena,
            node: Option<::rust_sitter::tree_sitter::Node>,
            source: &[u8],
            last_idx: usize,
            _leaf_fn: Option<&Self::LeafFn>,
        ) -> Self {
            let node = node.unwrap();
            ::rust_sitter::__private::extract_struct_or_variant(node, move |cursor, last_idx| {
                Number {
                    v: {
                        ::rust_sitter::__private::extract_field::<rust_sitter::WithLeaf<i32>, _, _>(
                            arena,
                            cursor,
                            source,
                            last_idx,
                            "v",
                            Some(&|v| v.parse().unwrap()),
                        )
                    },
                }
            })
        }
    }
    struct Whitespace {
        _whitespace: (),
    }
    impl ::rust_sitter::Extract<Whitespace, AstArena> for Whitespace {
        type LeafFn = ();
        #[allow(non_snake_case)]
        fn extract(
            arena: &mut AstArena,
            node: Option<::rust_sitter::tree_sitter::Node>,
            source: &[u8],
            last_idx: usize,
            _leaf_fn: Option<&Self::LeafFn>,
        ) -> Self {
            let node = node.unwrap();
            ::rust_sitter::__private::extract_struct_or_variant(node, move |cursor, last_idx| {
                Whitespace {
                    _whitespace: {
                        ::rust_sitter::__private::extract_field::<(), _, _>(
                            arena,
                            cursor,
                            source,
                            last_idx,
                            "_whitespace",
                            None,
                        )
                    },
                }
            })
        }
    }
    extern "C" {
        fn tree_sitter_test() -> ::rust_sitter::tree_sitter::Language;
    }
    pub fn language() -> ::rust_sitter::tree_sitter::Language {
        unsafe { tree_sitter_test() }
    }
    type AstArena = ();
    #[doc = r" Parse an input string according to the grammar. Returns either any parsing errors that happened, or a"]
    #[doc = "[`NumberList`]"]
    #[doc = r" instance containing the parsed structured data."]
    pub fn parse(
        input: &str,
    ) -> core::result::Result<NumberList, Vec<::rust_sitter::errors::ParseError>> {
        let (parsed, ()) =
            ::rust_sitter::__private::parse::<NumberList, AstArena>(input, language)?;
        Ok(parsed)
    }
}
