---
source: macro/src/lib.rs
expression: "rustfmt_code(&expand_grammar(parse_quote! {\n                            #[rust_sitter :: grammar(\"test\")] mod grammar\n                            {\n                                #[rust_sitter :: language] pub enum Expression\n                                {\n                                    Number(#[rust_sitter ::\n                                    leaf(pattern = r\"\\d+\", transform = | v | v.parse :: < i32 >\n                                    ().unwrap())] i32),\n                                }\n                            }\n                        }).to_token_stream().to_string())"
---
mod grammar {
    pub enum Expression {
        Number(i32),
    }
    impl rust_sitter::Extract for Expression {
        #[allow(non_snake_case)]
        fn extract(node: rust_sitter::Node, source: &[u8]) -> Self {
            #[allow(non_snake_case)]
            #[allow(clippy::unused_unit)]
            fn extract_Expression_Number_0(node: Option<rust_sitter::Node>, source: &[u8]) -> i32 {
                fn make_transform() -> impl Fn(&str) -> i32 {
                    |v| v.parse::<i32>().unwrap()
                }
                make_transform()(node.and_then(|n| n.utf8_text(source).ok()).unwrap())
            }
            #[allow(non_snake_case)]
            fn extract_Expression_Number(node: rust_sitter::Node, source: &[u8]) -> Expression {
                Expression::Number(extract_Expression_Number_0(
                    node.child_by_field_name("0"),
                    source,
                ))
            }
            match node.child(0).unwrap().kind() {
                "Expression_Number" => extract_Expression_Number(node.child(0).unwrap(), source),
                _ => panic!(),
            }
        }
    }
    extern "C" {
        fn tree_sitter_test() -> rust_sitter::Language;
    }
    fn language() -> rust_sitter::Language {
        unsafe { tree_sitter_test() }
    }
    pub fn parse(
        input: &str,
    ) -> core::result::Result<Expression, Vec<rust_sitter::errors::ParseError>> {
        let mut parser = rust_sitter::Parser::new();
        parser.set_language(language()).unwrap();
        let tree = parser.parse(input, None).unwrap();
        let root_node = tree.root_node();
        if root_node.has_error() {
            let mut errors = vec![];
            rust_sitter::errors::collect_parsing_errors(&root_node, input.as_bytes(), &mut errors);
            Err(errors)
        } else {
            use rust_sitter::Extract;
            Ok(Expression::extract(root_node, input.as_bytes()))
        }
    }
}

